2026-03-23 15:36:01,126 INFO o.a.j.u.JMeterUtils: Setting Locale to en_EN
2026-03-23 15:36:01,138 INFO o.a.j.JMeter: Loading user properties from: C:\Users\julio\Downloads\apache-jmeter-5.6.3\apache-jmeter-5.6.3\bin\user.properties
2026-03-23 15:36:01,139 INFO o.a.j.JMeter: Loading system properties from: C:\Users\julio\Downloads\apache-jmeter-5.6.3\apache-jmeter-5.6.3\bin\system.properties
2026-03-23 15:36:01,143 INFO o.a.j.JMeter: Copyright (c) 1998-2024 The Apache Software Foundation
2026-03-23 15:36:01,143 INFO o.a.j.JMeter: Version 5.6.3
2026-03-23 15:36:01,143 INFO o.a.j.JMeter: java.version=25.0.2
2026-03-23 15:36:01,144 INFO o.a.j.JMeter: java.vm.name=Java HotSpot(TM) 64-Bit Server VM
2026-03-23 15:36:01,144 INFO o.a.j.JMeter: os.name=Windows 11
2026-03-23 15:36:01,144 INFO o.a.j.JMeter: os.arch=amd64
2026-03-23 15:36:01,144 INFO o.a.j.JMeter: os.version=10.0
2026-03-23 15:36:01,144 INFO o.a.j.JMeter: file.encoding=UTF-8
2026-03-23 15:36:01,144 INFO o.a.j.JMeter: java.awt.headless=true
2026-03-23 15:36:01,144 INFO o.a.j.JMeter: Max memory     =1073741824
2026-03-23 15:36:01,144 INFO o.a.j.JMeter: Available Processors =8
2026-03-23 15:36:01,155 INFO o.a.j.JMeter: Default Locale=English (EN)
2026-03-23 15:36:01,155 INFO o.a.j.JMeter: JMeter  Locale=English (EN)
2026-03-23 15:36:01,155 INFO o.a.j.JMeter: JMeterHome=C:\Users\julio\Downloads\apache-jmeter-5.6.3\apache-jmeter-5.6.3
2026-03-23 15:36:01,156 INFO o.a.j.JMeter: user.dir  =C:\Users\julio\Documents\Proyecto_Web
2026-03-23 15:36:01,156 INFO o.a.j.JMeter: PWD       =C:\Users\julio\Documents\Proyecto_Web
2026-03-23 15:36:01,157 INFO o.a.j.JMeter: IP: 192.168.20.21 Name: JUNIORXZZZZ FullName: JUNIORXZZZZ
2026-03-23 15:36:01,165 INFO o.a.j.JMeter: Setting property 'jmeter.reportgenerator.outputdir' to:'C:\Users\julio\Documents\Proyecto_Web\.\jmeter\results\run-report'
2026-03-23 15:36:01,177 INFO o.a.j.s.FileServer: Default base='C:\Users\julio\Documents\Proyecto_Web'
2026-03-23 15:36:01,179 INFO o.a.j.s.FileServer: Set new base='C:\Users\julio\Documents\Proyecto_Web\.\jmeter'
2026-03-23 15:36:01,631 INFO o.a.j.s.SaveService: Testplan (JMX) version: 2.2. Testlog (JTL) version: 2.2
2026-03-23 15:36:01,653 INFO o.a.j.s.SaveService: Using SaveService properties version 5.0
2026-03-23 15:36:01,656 INFO o.a.j.s.SaveService: Using SaveService properties file encoding UTF-8
2026-03-23 15:36:01,659 INFO o.a.j.s.SaveService: Loading file: .\jmeter\ProyectoWeb_API_TestPlan.jmx
2026-03-23 15:36:01,708 INFO o.a.j.p.h.s.HTTPSamplerBase: Parser for text/html is org.apache.jmeter.protocol.http.parser.LagartoBasedHtmlParser
2026-03-23 15:36:01,708 INFO o.a.j.p.h.s.HTTPSamplerBase: Parser for application/xhtml+xml is org.apache.jmeter.protocol.http.parser.LagartoBasedHtmlParser
2026-03-23 15:36:01,709 INFO o.a.j.p.h.s.HTTPSamplerBase: Parser for application/xml is org.apache.jmeter.protocol.http.parser.LagartoBasedHtmlParser
2026-03-23 15:36:01,709 INFO o.a.j.p.h.s.HTTPSamplerBase: Parser for text/xml is org.apache.jmeter.protocol.http.parser.LagartoBasedHtmlParser
2026-03-23 15:36:01,709 INFO o.a.j.p.h.s.HTTPSamplerBase: Parser for text/vnd.wap.wml is org.apache.jmeter.protocol.http.parser.RegexpHTMLParser
2026-03-23 15:36:01,709 INFO o.a.j.p.h.s.HTTPSamplerBase: Parser for text/css is org.apache.jmeter.protocol.http.parser.CssParser
2026-03-23 15:36:01,735 INFO o.a.j.JMeter: Creating summariser <summary>
2026-03-23 15:36:01,737 INFO o.a.j.r.d.ReportGenerator: ReportGenerator will use for Parsing the separator: ','
2026-03-23 15:36:01,738 INFO o.a.j.r.d.ReportGenerator: Will generate report at end of test from  results file: .\jmeter\results\run.jtl
2026-03-23 15:36:01,738 INFO o.a.j.r.d.ReportGenerator: Reading report generator properties from: C:\Users\julio\Downloads\apache-jmeter-5.6.3\apache-jmeter-5.6.3\bin\reportgenerator.properties
2026-03-23 15:36:01,740 INFO o.a.j.r.d.ReportGenerator: Merging with JMeter properties
2026-03-23 15:36:01,742 INFO o.a.j.r.c.ReportGeneratorConfiguration: Property 'jmeter.reportgenerator.temp_dir' not found, using default value 'temp' instead.
2026-03-23 15:36:01,743 INFO o.a.j.r.c.ReportGeneratorConfiguration: Property 'jmeter.reportgenerator.apdex_per_transaction' not found, using default value 'null' instead.
2026-03-23 15:36:01,744 INFO o.a.j.r.c.ReportGeneratorConfiguration: apdex_per_transaction is empty, not APDEX per transaction customization
2026-03-23 15:36:01,744 INFO o.a.j.r.c.ReportGeneratorConfiguration: Property 'jmeter.reportgenerator.sample_filter' not found, using default value 'null' instead.
2026-03-23 15:36:01,744 INFO o.a.j.r.c.ReportGeneratorConfiguration: Property 'jmeter.reportgenerator.report_title' not found, using default value 'null' instead.
2026-03-23 15:36:01,744 INFO o.a.j.r.c.ReportGeneratorConfiguration: Property 'jmeter.reportgenerator.start_date' not found, using default value 'null' instead.
2026-03-23 15:36:01,744 INFO o.a.j.r.c.ReportGeneratorConfiguration: Property 'jmeter.reportgenerator.end_date' not found, using default value 'null' instead.
2026-03-23 15:36:01,745 INFO o.a.j.r.c.ReportGeneratorConfiguration: Property 'jmeter.reportgenerator.date_format' not found, using default value 'null' instead.
2026-03-23 15:36:01,745 INFO o.a.j.r.c.ReportGeneratorConfiguration: Will use date range start date: null, end date: null
2026-03-23 15:36:01,749 INFO o.a.j.r.c.ReportGeneratorConfiguration: Property 'jmeter.reportgenerator.graph.totalTPS.exclude_controllers' not found, using default value 'false' instead.
2026-03-23 15:36:01,749 INFO o.a.j.r.c.ReportGeneratorConfiguration: Property 'jmeter.reportgenerator.graph.activeThreadsOverTime.exclude_controllers' not found, using default value 'false' instead.
2026-03-23 15:36:01,749 INFO o.a.j.r.c.ReportGeneratorConfiguration: Property 'jmeter.reportgenerator.graph.timeVsThreads.exclude_controllers' not found, using default value 'false' instead.
2026-03-23 15:36:01,749 INFO o.a.j.r.c.ReportGeneratorConfiguration: Property 'jmeter.reportgenerator.graph.responseTimeDistribution.exclude_controllers' not found, using default value 'false' instead.
2026-03-23 15:36:01,749 INFO o.a.j.r.c.ReportGeneratorConfiguration: Property 'jmeter.reportgenerator.graph.transactionsPerSecond.exclude_controllers' not found, using default value 'false' instead.
2026-03-23 15:36:01,749 INFO o.a.j.r.c.ReportGeneratorConfiguration: Property 'jmeter.reportgenerator.graph.responseTimePercentiles.exclude_controllers' not found, using default value 'false' instead.
2026-03-23 15:36:01,749 INFO o.a.j.r.c.ReportGeneratorConfiguration: Property 'jmeter.reportgenerator.graph.responseTimePercentilesOverTime.exclude_controllers' not found, using default value 'false' instead.
2026-03-23 15:36:01,749 INFO o.a.j.r.c.ReportGeneratorConfiguration: Property 'jmeter.reportgenerator.graph.responseTimesOverTime.exclude_controllers' not found, using default value 'false' instead.
2026-03-23 15:36:01,749 INFO o.a.j.r.c.ReportGeneratorConfiguration: Property 'jmeter.reportgenerator.graph.connectTimeOverTime.exclude_controllers' not found, using default value 'false' instead.
2026-03-23 15:36:01,750 INFO o.a.j.r.c.ReportGeneratorConfiguration: Property 'jmeter.reportgenerator.graph.latenciesOverTime.exclude_controllers' not found, using default value 'false' instead.
2026-03-23 15:36:01,750 INFO o.a.j.r.c.ReportGeneratorConfiguration: Property 'jmeter.reportgenerator.exporter.json.filters_only_sample_series' not found, using default value 'true' instead.
2026-03-23 15:36:01,750 INFO o.a.j.r.c.ReportGeneratorConfiguration: Property 'jmeter.reportgenerator.exporter.json.series_filter' not found, using default value '' instead.
2026-03-23 15:36:01,750 INFO o.a.j.r.c.ReportGeneratorConfiguration: Property 'jmeter.reportgenerator.exporter.json.show_controllers_only' not found, using default value 'false' instead.
2026-03-23 15:36:01,750 INFO o.a.j.r.c.ReportGeneratorConfiguration: Property 'jmeter.reportgenerator.exporter.html.filters_only_sample_series' not found, using default value 'true' instead.
2026-03-23 15:36:01,750 INFO o.a.j.r.c.ReportGeneratorConfiguration: Property 'jmeter.reportgenerator.exporter.html.series_filter' not found, using default value '' instead.
2026-03-23 15:36:01,750 INFO o.a.j.r.c.ReportGeneratorConfiguration: Property 'jmeter.reportgenerator.exporter.html.show_controllers_only' not found, using default value 'false' instead.
2026-03-23 15:36:01,765 INFO o.a.j.e.StandardJMeterEngine: Running the test!
2026-03-23 15:36:01,766 INFO o.a.j.s.SampleEvent: List of sample_variables: []
2026-03-23 15:36:01,766 INFO o.a.j.s.SampleEvent: List of sample_variables: []
2026-03-23 15:36:01,770 INFO o.a.j.e.u.CompoundVariable: Note: Function class names must contain the string: '.functions.'
2026-03-23 15:36:01,770 INFO o.a.j.e.u.CompoundVariable: Note: Function class names must not contain the string: '.gui.'
2026-03-23 15:36:01,847 INFO o.a.j.JMeter: Running test (1774298161847)
2026-03-23 15:36:01,863 INFO o.a.j.e.StandardJMeterEngine: Starting ThreadGroup: 1 : 01 - Smoke
2026-03-23 15:36:01,865 INFO o.a.j.e.StandardJMeterEngine: Starting 1 threads for group 01 - Smoke.
2026-03-23 15:36:01,865 INFO o.a.j.e.StandardJMeterEngine: Thread will continue on error
2026-03-23 15:36:01,865 INFO o.a.j.t.ThreadGroup: Starting thread group... number=1 threads=1 ramp-up=1 delayedStart=false
2026-03-23 15:36:01,868 INFO o.a.j.t.ThreadGroup: Started thread group number 1
2026-03-23 15:36:01,868 INFO o.a.j.e.StandardJMeterEngine: Starting ThreadGroup: 2 : 02 - Carga
2026-03-23 15:36:01,868 INFO o.a.j.e.StandardJMeterEngine: Starting 30 threads for group 02 - Carga.
2026-03-23 15:36:01,868 INFO o.a.j.e.StandardJMeterEngine: Thread will continue on error
2026-03-23 15:36:01,868 INFO o.a.j.t.ThreadGroup: Starting thread group... number=2 threads=30 ramp-up=60 delayedStart=false
2026-03-23 15:36:01,870 INFO o.a.j.t.JMeterThread: Thread started: 02 - Carga 2-1
2026-03-23 15:36:01,872 INFO o.a.j.s.SampleResult: Note: Sample TimeStamps are START times
2026-03-23 15:36:01,873 INFO o.a.j.s.SampleResult: sampleresult.default.encoding is set to UTF-8
2026-03-23 15:36:01,873 INFO o.a.j.s.SampleResult: sampleresult.useNanoTime=true
2026-03-23 15:36:01,873 INFO o.a.j.s.SampleResult: sampleresult.nanoThreadSleep=5000
2026-03-23 15:36:01,873 INFO o.a.j.t.JMeterThread: Thread started: 01 - Smoke 1-1
2026-03-23 15:36:01,881 INFO o.a.j.t.ThreadGroup: Started thread group number 2
2026-03-23 15:36:01,882 INFO o.a.j.e.StandardJMeterEngine: Starting ThreadGroup: 3 : 03 - Estres
2026-03-23 15:36:01,882 INFO o.a.j.e.StandardJMeterEngine: Starting 80 threads for group 03 - Estres.
2026-03-23 15:36:01,882 INFO o.a.j.e.StandardJMeterEngine: Thread will continue on error
2026-03-23 15:36:01,882 INFO o.a.j.t.ThreadGroup: Starting thread group... number=3 threads=80 ramp-up=80 delayedStart=false
2026-03-23 15:36:01,883 INFO o.a.j.t.JMeterThread: Thread started: 03 - Estres 3-1
2026-03-23 15:36:01,893 INFO o.a.j.p.h.s.HTTPHCAbstractImpl: Local host = JUNIORXZZZZ
2026-03-23 15:36:01,901 INFO o.a.j.p.h.s.HTTPHC4Impl: HTTP request retry count = 0
2026-03-23 15:36:01,908 INFO o.a.j.t.ThreadGroup: Started thread group number 3
2026-03-23 15:36:01,908 INFO o.a.j.e.StandardJMeterEngine: All thread groups have been started
2026-03-23 15:36:02,885 INFO o.a.j.t.JMeterThread: Thread started: 03 - Estres 3-2
2026-03-23 15:36:03,869 INFO o.a.j.t.JMeterThread: Thread started: 02 - Carga 2-2
2026-03-23 15:36:03,883 INFO o.a.j.t.JMeterThread: Thread started: 03 - Estres 3-3
2026-03-23 15:36:04,883 INFO o.a.j.t.JMeterThread: Thread started: 03 - Estres 3-4
2026-03-23 15:36:05,870 INFO o.a.j.t.JMeterThread: Thread started: 02 - Carga 2-3
2026-03-23 15:36:05,882 INFO o.a.j.t.JMeterThread: Thread started: 03 - Estres 3-5
2026-03-23 15:36:06,883 INFO o.a.j.t.JMeterThread: Thread started: 03 - Estres 3-6
2026-03-23 15:36:07,869 INFO o.a.j.t.JMeterThread: Thread started: 02 - Carga 2-4
2026-03-23 15:36:07,883 INFO o.a.j.t.JMeterThread: Thread started: 03 - Estres 3-7
2026-03-23 15:36:08,883 INFO o.a.j.t.JMeterThread: Thread started: 03 - Estres 3-8
2026-03-23 15:36:09,870 INFO o.a.j.t.JMeterThread: Thread started: 02 - Carga 2-5
2026-03-23 15:36:09,883 INFO o.a.j.t.JMeterThread: Thread started: 03 - Estres 3-9
2026-03-23 15:36:10,882 INFO o.a.j.t.JMeterThread: Thread started: 03 - Estres 3-10
2026-03-23 15:36:11,870 INFO o.a.j.t.JMeterThread: Thread started: 02 - Carga 2-6
2026-03-23 15:36:11,882 INFO o.a.j.t.JMeterThread: Thread started: 03 - Estres 3-11
2026-03-23 15:36:12,022 INFO o.a.j.t.JMeterThread: Thread is done: 01 - Smoke 1-1
2026-03-23 15:36:12,022 INFO o.a.j.t.JMeterThread: Thread finished: 01 - Smoke 1-1
2026-03-23 15:36:12,886 INFO o.a.j.t.JMeterThread: Thread started: 03 - Estres 3-12
2026-03-23 15:36:13,629 INFO o.a.j.t.JMeterThread: Thread is done: 03 - Estres 3-6
2026-03-23 15:36:13,629 INFO o.a.j.t.JMeterThread: Thread finished: 03 - Estres 3-6
2026-03-23 15:36:13,650 INFO o.a.j.t.JMeterThread: Thread is done: 03 - Estres 3-1
2026-03-23 15:36:13,650 INFO o.a.j.t.JMeterThread: Thread finished: 03 - Estres 3-1
2026-03-23 15:36:13,774 INFO o.a.j.t.JMeterThread: Thread is done: 03 - Estres 3-10
2026-03-23 15:36:13,775 INFO o.a.j.t.JMeterThread: Thread finished: 03 - Estres 3-10
2026-03-23 15:36:13,795 INFO o.a.j.t.JMeterThread: Thread is done: 03 - Estres 3-7
2026-03-23 15:36:13,795 INFO o.a.j.t.JMeterThread: Thread finished: 03 - Estres 3-7
2026-03-23 15:36:13,799 INFO o.a.j.t.JMeterThread: Thread is done: 03 - Estres 3-5
2026-03-23 15:36:13,800 INFO o.a.j.t.JMeterThread: Thread finished: 03 - Estres 3-5
2026-03-23 15:36:13,827 INFO o.a.j.t.JMeterThread: Thread is done: 03 - Estres 3-4
2026-03-23 15:36:13,832 INFO o.a.j.t.JMeterThread: Thread finished: 03 - Estres 3-4
2026-03-23 15:36:13,840 INFO o.a.j.t.JMeterThread: Thread is done: 03 - Estres 3-8
2026-03-23 15:36:13,840 INFO o.a.j.t.JMeterThread: Thread finished: 03 - Estres 3-8
2026-03-23 15:36:13,849 INFO o.a.j.t.JMeterThread: Thread is done: 03 - Estres 3-2
2026-03-23 15:36:13,849 INFO o.a.j.t.JMeterThread: Thread finished: 03 - Estres 3-2
2026-03-23 15:36:13,879 INFO o.a.j.t.JMeterThread: Thread is done: 03 - Estres 3-11
2026-03-23 15:36:13,879 INFO o.a.j.t.JMeterThread: Thread is done: 03 - Estres 3-12
2026-03-23 15:36:13,879 INFO o.a.j.t.JMeterThread: Thread finished: 03 - Estres 3-11
2026-03-23 15:36:13,879 INFO o.a.j.t.JMeterThread: Thread finished: 03 - Estres 3-12
2026-03-23 15:36:13,884 INFO o.a.j.t.JMeterThread: Thread started: 03 - Estres 3-13
2026-03-23 15:36:13,885 INFO o.a.j.t.JMeterThread: Thread started: 02 - Carga 2-7
2026-03-23 15:36:13,895 INFO o.a.j.t.JMeterThread: Thread is done: 03 - Estres 3-3
2026-03-23 15:36:13,895 INFO o.a.j.t.JMeterThread: Thread finished: 03 - Estres 3-3
2026-03-23 15:36:13,955 INFO o.a.j.t.JMeterThread: Thread is done: 03 - Estres 3-9
2026-03-23 15:36:13,955 INFO o.a.j.t.JMeterThread: Thread finished: 03 - Estres 3-9
2026-03-23 15:36:14,109 INFO o.a.j.t.JMeterThread: Thread is done: 03 - Estres 3-13
2026-03-23 15:36:14,110 INFO o.a.j.t.JMeterThread: Thread finished: 03 - Estres 3-13
2026-03-23 15:36:14,895 INFO o.a.j.t.JMeterThread: Thread started: 03 - Estres 3-14
2026-03-23 15:36:15,101 INFO o.a.j.t.JMeterThread: Thread is done: 03 - Estres 3-14
2026-03-23 15:36:15,101 INFO o.a.j.t.JMeterThread: Thread finished: 03 - Estres 3-14
2026-03-23 15:36:15,254 INFO o.a.j.t.JMeterThread: Thread is done: 02 - Carga 2-1
2026-03-23 15:36:15,254 INFO o.a.j.t.JMeterThread: Thread finished: 02 - Carga 2-1
2026-03-23 15:36:15,448 INFO o.a.j.t.JMeterThread: Thread is done: 02 - Carga 2-2
2026-03-23 15:36:15,448 INFO o.a.j.t.JMeterThread: Thread finished: 02 - Carga 2-2
2026-03-23 15:36:15,514 INFO o.a.j.t.JMeterThread: Thread is done: 02 - Carga 2-3
2026-03-23 15:36:15,514 INFO o.a.j.t.JMeterThread: Thread finished: 02 - Carga 2-3
2026-03-23 15:36:15,609 INFO o.a.j.t.JMeterThread: Thread is done: 02 - Carga 2-4
2026-03-23 15:36:15,609 INFO o.a.j.t.JMeterThread: Thread finished: 02 - Carga 2-4
2026-03-23 15:36:15,761 INFO o.a.j.t.JMeterThread: Thread is done: 02 - Carga 2-5
2026-03-23 15:36:15,761 INFO o.a.j.t.JMeterThread: Thread finished: 02 - Carga 2-5
2026-03-23 15:36:15,875 INFO o.a.j.t.JMeterThread: Thread started: 02 - Carga 2-8
2026-03-23 15:36:15,890 INFO o.a.j.t.JMeterThread: Thread started: 03 - Estres 3-15
2026-03-23 15:36:15,904 INFO o.a.j.t.JMeterThread: Thread is done: 02 - Carga 2-6
2026-03-23 15:36:15,904 INFO o.a.j.t.JMeterThread: Thread finished: 02 - Carga 2-6
2026-03-23 15:36:16,111 INFO o.a.j.t.JMeterThread: Thread is done: 03 - Estres 3-15
2026-03-23 15:36:16,111 INFO o.a.j.t.JMeterThread: Thread finished: 03 - Estres 3-15
2026-03-23 15:36:16,753 INFO o.a.j.t.JMeterThread: Thread is done: 02 - Carga 2-7
2026-03-23 15:36:16,754 INFO o.a.j.t.JMeterThread: Thread finished: 02 - Carga 2-7
2026-03-23 15:36:16,885 INFO o.a.j.t.JMeterThread: Thread started: 03 - Estres 3-16
2026-03-23 15:36:17,116 INFO o.a.j.t.JMeterThread: Thread is done: 03 - Estres 3-16
2026-03-23 15:36:17,116 INFO o.a.j.t.JMeterThread: Thread finished: 03 - Estres 3-16
2026-03-23 15:36:17,885 INFO o.a.j.t.JMeterThread: Thread started: 03 - Estres 3-17
2026-03-23 15:36:17,886 INFO o.a.j.t.JMeterThread: Thread started: 02 - Carga 2-9
2026-03-23 15:36:18,193 INFO o.a.j.t.JMeterThread: Thread is done: 03 - Estres 3-17
2026-03-23 15:36:18,193 INFO o.a.j.t.JMeterThread: Thread finished: 03 - Estres 3-17
2026-03-23 15:36:18,706 INFO o.a.j.t.JMeterThread: Thread is done: 02 - Carga 2-8
2026-03-23 15:36:18,707 INFO o.a.j.t.JMeterThread: Thread finished: 02 - Carga 2-8
2026-03-23 15:36:18,896 INFO o.a.j.t.JMeterThread: Thread started: 03 - Estres 3-18
2026-03-23 15:36:19,263 INFO o.a.j.t.JMeterThread: Thread is done: 03 - Estres 3-18
2026-03-23 15:36:19,263 INFO o.a.j.t.JMeterThread: Thread finished: 03 - Estres 3-18
2026-03-23 15:36:19,879 INFO o.a.j.t.JMeterThread: Thread started: 02 - Carga 2-10
2026-03-23 15:36:19,894 INFO o.a.j.t.JMeterThread: Thread started: 03 - Estres 3-19
2026-03-23 15:36:20,199 INFO o.a.j.t.JMeterThread: Thread is done: 03 - Estres 3-19
2026-03-23 15:36:20,200 INFO o.a.j.t.JMeterThread: Thread finished: 03 - Estres 3-19
2026-03-23 15:36:20,889 INFO o.a.j.t.JMeterThread: Thread started: 03 - Estres 3-20
2026-03-23 15:36:20,907 INFO o.a.j.t.JMeterThread: Thread is done: 02 - Carga 2-9
2026-03-23 15:36:20,907 INFO o.a.j.t.JMeterThread: Thread finished: 02 - Carga 2-9
2026-03-23 15:36:21,261 INFO o.a.j.t.JMeterThread: Thread is done: 03 - Estres 3-20
2026-03-23 15:36:21,261 INFO o.a.j.t.JMeterThread: Thread finished: 03 - Estres 3-20
2026-03-23 15:36:21,869 INFO o.a.j.t.JMeterThread: Thread started: 02 - Carga 2-11
2026-03-23 15:36:21,885 INFO o.a.j.t.JMeterThread: Thread started: 03 - Estres 3-21
2026-03-23 15:36:22,150 INFO o.a.j.t.JMeterThread: Thread is done: 03 - Estres 3-21
2026-03-23 15:36:22,150 INFO o.a.j.t.JMeterThread: Thread finished: 03 - Estres 3-21
2026-03-23 15:36:22,719 INFO o.a.j.t.JMeterThread: Thread is done: 02 - Carga 2-10
2026-03-23 15:36:22,719 INFO o.a.j.t.JMeterThread: Thread finished: 02 - Carga 2-10
2026-03-23 15:36:22,896 INFO o.a.j.t.JMeterThread: Thread started: 03 - Estres 3-22
2026-03-23 15:36:23,094 INFO o.a.j.t.JMeterThread: Thread is done: 03 - Estres 3-22
2026-03-23 15:36:23,094 INFO o.a.j.t.JMeterThread: Thread finished: 03 - Estres 3-22
2026-03-23 15:36:23,876 INFO o.a.j.t.JMeterThread: Thread started: 02 - Carga 2-12
2026-03-23 15:36:23,893 INFO o.a.j.t.JMeterThread: Thread started: 03 - Estres 3-23
2026-03-23 15:36:24,143 INFO o.a.j.t.JMeterThread: Thread is done: 03 - Estres 3-23
2026-03-23 15:36:24,143 INFO o.a.j.t.JMeterThread: Thread finished: 03 - Estres 3-23
2026-03-23 15:36:24,739 INFO o.a.j.t.JMeterThread: Thread is done: 02 - Carga 2-11
2026-03-23 15:36:24,739 INFO o.a.j.t.JMeterThread: Thread finished: 02 - Carga 2-11
2026-03-23 15:36:24,898 INFO o.a.j.t.JMeterThread: Thread started: 03 - Estres 3-24
2026-03-23 15:36:25,059 INFO o.a.j.t.JMeterThread: Thread is done: 03 - Estres 3-24
2026-03-23 15:36:25,059 INFO o.a.j.t.JMeterThread: Thread finished: 03 - Estres 3-24
2026-03-23 15:36:25,879 INFO o.a.j.t.JMeterThread: Thread started: 02 - Carga 2-13
2026-03-23 15:36:25,895 INFO o.a.j.t.JMeterThread: Thread started: 03 - Estres 3-25
2026-03-23 15:36:26,192 INFO o.a.j.t.JMeterThread: Thread is done: 03 - Estres 3-25
2026-03-23 15:36:26,192 INFO o.a.j.t.JMeterThread: Thread finished: 03 - Estres 3-25
2026-03-23 15:36:26,695 INFO o.a.j.t.JMeterThread: Thread is done: 02 - Carga 2-12
2026-03-23 15:36:26,695 INFO o.a.j.t.JMeterThread: Thread finished: 02 - Carga 2-12
2026-03-23 15:36:26,892 INFO o.a.j.t.JMeterThread: Thread started: 03 - Estres 3-26
2026-03-23 15:36:27,187 INFO o.a.j.t.JMeterThread: Thread is done: 03 - Estres 3-26
2026-03-23 15:36:27,189 INFO o.a.j.t.JMeterThread: Thread finished: 03 - Estres 3-26
2026-03-23 15:36:27,874 INFO o.a.j.t.JMeterThread: Thread started: 02 - Carga 2-14
2026-03-23 15:36:27,889 INFO o.a.j.t.JMeterThread: Thread started: 03 - Estres 3-27
2026-03-23 15:36:28,104 INFO o.a.j.t.JMeterThread: Thread is done: 03 - Estres 3-27
2026-03-23 15:36:28,104 INFO o.a.j.t.JMeterThread: Thread finished: 03 - Estres 3-27
2026-03-23 15:36:28,886 INFO o.a.j.t.JMeterThread: Thread started: 03 - Estres 3-28
2026-03-23 15:36:28,933 INFO o.a.j.t.JMeterThread: Thread is done: 02 - Carga 2-13
2026-03-23 15:36:28,933 INFO o.a.j.t.JMeterThread: Thread finished: 02 - Carga 2-13
2026-03-23 15:36:29,129 INFO o.a.j.t.JMeterThread: Thread is done: 03 - Estres 3-28
2026-03-23 15:36:29,129 INFO o.a.j.t.JMeterThread: Thread finished: 03 - Estres 3-28
2026-03-23 15:36:29,876 INFO o.a.j.t.JMeterThread: Thread started: 02 - Carga 2-15
2026-03-23 15:36:29,893 INFO o.a.j.t.JMeterThread: Thread started: 03 - Estres 3-29
2026-03-23 15:36:30,029 INFO o.a.j.r.Summariser: summary +    280 in 00:00:28 =    9.9/s Avg:   454 Min:    26 Max:  5023 Err:    18 (6.43%) Active: 3 Started: 45 Finished: 42
2026-03-23 15:36:30,107 INFO o.a.j.t.JMeterThread: Thread is done: 03 - Estres 3-29
2026-03-23 15:36:30,107 INFO o.a.j.t.JMeterThread: Thread finished: 03 - Estres 3-29
2026-03-23 15:36:30,791 INFO o.a.j.t.JMeterThread: Thread is done: 02 - Carga 2-14
2026-03-23 15:36:30,792 INFO o.a.j.t.JMeterThread: Thread finished: 02 - Carga 2-14
2026-03-23 15:36:30,890 INFO o.a.j.t.JMeterThread: Thread started: 03 - Estres 3-30
2026-03-23 15:36:31,063 INFO o.a.j.t.JMeterThread: Thread is done: 03 - Estres 3-30
2026-03-23 15:36:31,063 INFO o.a.j.t.JMeterThread: Thread finished: 03 - Estres 3-30
2026-03-23 15:36:31,871 INFO o.a.j.t.JMeterThread: Thread started: 02 - Carga 2-16
2026-03-23 15:36:31,887 INFO o.a.j.t.JMeterThread: Thread started: 03 - Estres 3-31
2026-03-23 15:36:32,228 INFO o.a.j.t.JMeterThread: Thread is done: 03 - Estres 3-31
2026-03-23 15:36:32,228 INFO o.a.j.t.JMeterThread: Thread finished: 03 - Estres 3-31
2026-03-23 15:36:32,697 INFO o.a.j.t.JMeterThread: Thread is done: 02 - Carga 2-15
2026-03-23 15:36:32,697 INFO o.a.j.t.JMeterThread: Thread finished: 02 - Carga 2-15
2026-03-23 15:36:32,896 INFO o.a.j.t.JMeterThread: Thread started: 03 - Estres 3-32
2026-03-23 15:36:33,067 INFO o.a.j.t.JMeterThread: Thread is done: 03 - Estres 3-32
2026-03-23 15:36:33,067 INFO o.a.j.t.JMeterThread: Thread finished: 03 - Estres 3-32
2026-03-23 15:36:33,876 INFO o.a.j.t.JMeterThread: Thread started: 02 - Carga 2-17
2026-03-23 15:36:33,892 INFO o.a.j.t.JMeterThread: Thread started: 03 - Estres 3-33
2026-03-23 15:36:34,212 INFO o.a.j.t.JMeterThread: Thread is done: 03 - Estres 3-33
2026-03-23 15:36:34,212 INFO o.a.j.t.JMeterThread: Thread finished: 03 - Estres 3-33
2026-03-23 15:36:34,886 INFO o.a.j.t.JMeterThread: Thread started: 03 - Estres 3-34
2026-03-23 15:36:34,892 INFO o.a.j.t.JMeterThread: Thread is done: 02 - Carga 2-16
2026-03-23 15:36:34,892 INFO o.a.j.t.JMeterThread: Thread finished: 02 - Carga 2-16
2026-03-23 15:36:35,189 INFO o.a.j.t.JMeterThread: Thread is done: 03 - Estres 3-34
2026-03-23 15:36:35,189 INFO o.a.j.t.JMeterThread: Thread finished: 03 - Estres 3-34
2026-03-23 15:36:35,881 INFO o.a.j.t.JMeterThread: Thread started: 02 - Carga 2-18
2026-03-23 15:36:35,897 INFO o.a.j.t.JMeterThread: Thread started: 03 - Estres 3-35
2026-03-23 15:36:36,150 INFO o.a.j.t.JMeterThread: Thread is done: 03 - Estres 3-35
2026-03-23 15:36:36,150 INFO o.a.j.t.JMeterThread: Thread finished: 03 - Estres 3-35
2026-03-23 15:36:36,894 INFO o.a.j.t.JMeterThread: Thread started: 03 - Estres 3-36
2026-03-23 15:36:36,902 INFO o.a.j.t.JMeterThread: Thread is done: 02 - Carga 2-17
2026-03-23 15:36:36,902 INFO o.a.j.t.JMeterThread: Thread finished: 02 - Carga 2-17
2026-03-23 15:36:37,047 INFO o.a.j.t.JMeterThread: Thread is done: 03 - Estres 3-36
2026-03-23 15:36:37,047 INFO o.a.j.t.JMeterThread: Thread finished: 03 - Estres 3-36
2026-03-23 15:36:37,879 INFO o.a.j.t.JMeterThread: Thread started: 02 - Carga 2-19
2026-03-23 15:36:37,894 INFO o.a.j.t.JMeterThread: Thread started: 03 - Estres 3-37
2026-03-23 15:36:38,157 INFO o.a.j.t.JMeterThread: Thread is done: 03 - Estres 3-37
2026-03-23 15:36:38,157 INFO o.a.j.t.JMeterThread: Thread finished: 03 - Estres 3-37
2026-03-23 15:36:38,674 INFO o.a.j.t.JMeterThread: Thread is done: 02 - Carga 2-18
2026-03-23 15:36:38,674 INFO o.a.j.t.JMeterThread: Thread finished: 02 - Carga 2-18
2026-03-23 15:36:38,892 INFO o.a.j.t.JMeterThread: Thread started: 03 - Estres 3-38
2026-03-23 15:36:39,158 INFO o.a.j.t.JMeterThread: Thread is done: 03 - Estres 3-38
2026-03-23 15:36:39,158 INFO o.a.j.t.JMeterThread: Thread finished: 03 - Estres 3-38
2026-03-23 15:36:39,872 INFO o.a.j.t.JMeterThread: Thread started: 02 - Carga 2-20
2026-03-23 15:36:39,887 INFO o.a.j.t.JMeterThread: Thread started: 03 - Estres 3-39
2026-03-23 15:36:40,131 INFO o.a.j.t.JMeterThread: Thread is done: 03 - Estres 3-39
2026-03-23 15:36:40,131 INFO o.a.j.t.JMeterThread: Thread finished: 03 - Estres 3-39
2026-03-23 15:36:40,814 INFO o.a.j.t.JMeterThread: Thread is done: 02 - Carga 2-19
2026-03-23 15:36:40,814 INFO o.a.j.t.JMeterThread: Thread finished: 02 - Carga 2-19
2026-03-23 15:36:40,898 INFO o.a.j.t.JMeterThread: Thread started: 03 - Estres 3-40
2026-03-23 15:36:41,149 INFO o.a.j.t.JMeterThread: Thread is done: 03 - Estres 3-40
2026-03-23 15:36:41,149 INFO o.a.j.t.JMeterThread: Thread finished: 03 - Estres 3-40
2026-03-23 15:36:41,877 INFO o.a.j.t.JMeterThread: Thread started: 02 - Carga 2-21
2026-03-23 15:36:41,892 INFO o.a.j.t.JMeterThread: Thread started: 03 - Estres 3-41
2026-03-23 15:36:42,254 INFO o.a.j.t.JMeterThread: Thread is done: 03 - Estres 3-41
2026-03-23 15:36:42,254 INFO o.a.j.t.JMeterThread: Thread finished: 03 - Estres 3-41
2026-03-23 15:36:42,887 INFO o.a.j.t.JMeterThread: Thread started: 03 - Estres 3-42
2026-03-23 15:36:42,997 INFO o.a.j.t.JMeterThread: Thread is done: 02 - Carga 2-20
2026-03-23 15:36:42,997 INFO o.a.j.t.JMeterThread: Thread finished: 02 - Carga 2-20
2026-03-23 15:36:43,128 INFO o.a.j.t.JMeterThread: Thread is done: 03 - Estres 3-42
2026-03-23 15:36:43,128 INFO o.a.j.t.JMeterThread: Thread finished: 03 - Estres 3-42
2026-03-23 15:36:43,883 INFO o.a.j.t.JMeterThread: Thread started: 02 - Carga 2-22
2026-03-23 15:36:43,898 INFO o.a.j.t.JMeterThread: Thread started: 03 - Estres 3-43
2026-03-23 15:36:44,427 INFO o.a.j.t.JMeterThread: Thread is done: 03 - Estres 3-43
2026-03-23 15:36:44,427 INFO o.a.j.t.JMeterThread: Thread finished: 03 - Estres 3-43
2026-03-23 15:36:44,889 INFO o.a.j.t.JMeterThread: Thread started: 03 - Estres 3-44
2026-03-23 15:36:45,233 INFO o.a.j.t.JMeterThread: Thread is done: 02 - Carga 2-21
2026-03-23 15:36:45,233 INFO o.a.j.t.JMeterThread: Thread finished: 02 - Carga 2-21
2026-03-23 15:36:45,265 INFO o.a.j.t.JMeterThread: Thread is done: 03 - Estres 3-44
2026-03-23 15:36:45,265 INFO o.a.j.t.JMeterThread: Thread finished: 03 - Estres 3-44
2026-03-23 15:36:45,871 INFO o.a.j.t.JMeterThread: Thread started: 02 - Carga 2-23
2026-03-23 15:36:45,886 INFO o.a.j.t.JMeterThread: Thread started: 03 - Estres 3-45
2026-03-23 15:36:46,096 INFO o.a.j.t.JMeterThread: Thread is done: 03 - Estres 3-45
2026-03-23 15:36:46,096 INFO o.a.j.t.JMeterThread: Thread finished: 03 - Estres 3-45
2026-03-23 15:36:46,883 INFO o.a.j.t.JMeterThread: Thread started: 03 - Estres 3-46
2026-03-23 15:36:46,903 INFO o.a.j.t.JMeterThread: Thread is done: 02 - Carga 2-22
2026-03-23 15:36:46,903 INFO o.a.j.t.JMeterThread: Thread finished: 02 - Carga 2-22
2026-03-23 15:36:47,216 INFO o.a.j.t.JMeterThread: Thread is done: 03 - Estres 3-46
2026-03-23 15:36:47,216 INFO o.a.j.t.JMeterThread: Thread finished: 03 - Estres 3-46
2026-03-23 15:36:47,880 INFO o.a.j.t.JMeterThread: Thread started: 02 - Carga 2-24
2026-03-23 15:36:47,895 INFO o.a.j.t.JMeterThread: Thread started: 03 - Estres 3-47
2026-03-23 15:36:48,105 INFO o.a.j.t.JMeterThread: Thread is done: 03 - Estres 3-47
2026-03-23 15:36:48,105 INFO o.a.j.t.JMeterThread: Thread finished: 03 - Estres 3-47
2026-03-23 15:36:48,644 INFO o.a.j.t.JMeterThread: Thread is done: 02 - Carga 2-23
2026-03-23 15:36:48,644 INFO o.a.j.t.JMeterThread: Thread finished: 02 - Carga 2-23
2026-03-23 15:36:48,890 INFO o.a.j.t.JMeterThread: Thread started: 03 - Estres 3-48
2026-03-23 15:36:49,058 INFO o.a.j.t.JMeterThread: Thread is done: 03 - Estres 3-48
2026-03-23 15:36:49,058 INFO o.a.j.t.JMeterThread: Thread finished: 03 - Estres 3-48
2026-03-23 15:36:49,873 INFO o.a.j.t.JMeterThread: Thread started: 02 - Carga 2-25
2026-03-23 15:36:49,889 INFO o.a.j.t.JMeterThread: Thread started: 03 - Estres 3-49
2026-03-23 15:36:50,143 INFO o.a.j.t.JMeterThread: Thread is done: 03 - Estres 3-49
2026-03-23 15:36:50,144 INFO o.a.j.t.JMeterThread: Thread finished: 03 - Estres 3-49
2026-03-23 15:36:50,657 INFO o.a.j.t.JMeterThread: Thread is done: 02 - Carga 2-24
2026-03-23 15:36:50,657 INFO o.a.j.t.JMeterThread: Thread finished: 02 - Carga 2-24
2026-03-23 15:36:50,895 INFO o.a.j.t.JMeterThread: Thread started: 03 - Estres 3-50
2026-03-23 15:36:51,155 INFO o.a.j.t.JMeterThread: Thread is done: 03 - Estres 3-50
2026-03-23 15:36:51,156 INFO o.a.j.t.JMeterThread: Thread finished: 03 - Estres 3-50
2026-03-23 15:36:51,879 INFO o.a.j.t.JMeterThread: Thread started: 02 - Carga 2-26
2026-03-23 15:36:51,894 INFO o.a.j.t.JMeterThread: Thread started: 03 - Estres 3-51
2026-03-23 15:36:52,131 INFO o.a.j.t.JMeterThread: Thread is done: 03 - Estres 3-51
2026-03-23 15:36:52,131 INFO o.a.j.t.JMeterThread: Thread finished: 03 - Estres 3-51
2026-03-23 15:36:52,762 INFO o.a.j.t.JMeterThread: Thread is done: 02 - Carga 2-25
2026-03-23 15:36:52,762 INFO o.a.j.t.JMeterThread: Thread finished: 02 - Carga 2-25
2026-03-23 15:36:52,889 INFO o.a.j.t.JMeterThread: Thread started: 03 - Estres 3-52
2026-03-23 15:36:53,259 INFO o.a.j.t.JMeterThread: Thread is done: 03 - Estres 3-52
2026-03-23 15:36:53,259 INFO o.a.j.t.JMeterThread: Thread finished: 03 - Estres 3-52
2026-03-23 15:36:53,870 INFO o.a.j.t.JMeterThread: Thread started: 02 - Carga 2-27
2026-03-23 15:36:53,886 INFO o.a.j.t.JMeterThread: Thread started: 03 - Estres 3-53
2026-03-23 15:36:54,157 INFO o.a.j.t.JMeterThread: Thread is done: 03 - Estres 3-53
2026-03-23 15:36:54,157 INFO o.a.j.t.JMeterThread: Thread finished: 03 - Estres 3-53
2026-03-23 15:36:54,808 INFO o.a.j.t.JMeterThread: Thread is done: 02 - Carga 2-26
2026-03-23 15:36:54,809 INFO o.a.j.t.JMeterThread: Thread finished: 02 - Carga 2-26
2026-03-23 15:36:54,885 INFO o.a.j.t.JMeterThread: Thread started: 03 - Estres 3-54
2026-03-23 15:36:55,236 INFO o.a.j.t.JMeterThread: Thread is done: 03 - Estres 3-54
2026-03-23 15:36:55,236 INFO o.a.j.t.JMeterThread: Thread finished: 03 - Estres 3-54
2026-03-23 15:36:55,876 INFO o.a.j.t.JMeterThread: Thread started: 02 - Carga 2-28
2026-03-23 15:36:55,892 INFO o.a.j.t.JMeterThread: Thread started: 03 - Estres 3-55
2026-03-23 15:36:56,229 INFO o.a.j.t.JMeterThread: Thread is done: 03 - Estres 3-55
2026-03-23 15:36:56,229 INFO o.a.j.t.JMeterThread: Thread finished: 03 - Estres 3-55
2026-03-23 15:36:56,648 INFO o.a.j.t.JMeterThread: Thread is done: 02 - Carga 2-27
2026-03-23 15:36:56,648 INFO o.a.j.t.JMeterThread: Thread finished: 02 - Carga 2-27
2026-03-23 15:36:56,893 INFO o.a.j.t.JMeterThread: Thread started: 03 - Estres 3-56
2026-03-23 15:36:57,173 INFO o.a.j.t.JMeterThread: Thread is done: 03 - Estres 3-56
2026-03-23 15:36:57,173 INFO o.a.j.t.JMeterThread: Thread finished: 03 - Estres 3-56
2026-03-23 15:36:57,873 INFO o.a.j.t.JMeterThread: Thread started: 02 - Carga 2-29
2026-03-23 15:36:57,889 INFO o.a.j.t.JMeterThread: Thread started: 03 - Estres 3-57
2026-03-23 15:36:58,257 INFO o.a.j.t.JMeterThread: Thread is done: 03 - Estres 3-57
2026-03-23 15:36:58,257 INFO o.a.j.t.JMeterThread: Thread finished: 03 - Estres 3-57
2026-03-23 15:36:58,898 INFO o.a.j.t.JMeterThread: Thread started: 03 - Estres 3-58
2026-03-23 15:36:59,034 INFO o.a.j.t.JMeterThread: Thread is done: 02 - Carga 2-28
2026-03-23 15:36:59,036 INFO o.a.j.t.JMeterThread: Thread finished: 02 - Carga 2-28
2026-03-23 15:36:59,181 INFO o.a.j.t.JMeterThread: Thread is done: 03 - Estres 3-58
2026-03-23 15:36:59,181 INFO o.a.j.t.JMeterThread: Thread finished: 03 - Estres 3-58
2026-03-23 15:36:59,877 INFO o.a.j.t.JMeterThread: Thread started: 02 - Carga 2-30
2026-03-23 15:36:59,893 INFO o.a.j.t.JMeterThread: Thread started: 03 - Estres 3-59
2026-03-23 15:37:00,048 INFO o.a.j.r.Summariser: summary +    299 in 00:00:30 =   10.0/s Avg:    72 Min:    24 Max:   247 Err:     0 (0.00%) Active: 3 Started: 90 Finished: 87
2026-03-23 15:37:00,049 INFO o.a.j.r.Summariser: summary =    579 in 00:00:58 =    9.9/s Avg:   256 Min:    24 Max:  5023 Err:    18 (3.11%)
2026-03-23 15:37:00,149 INFO o.a.j.t.JMeterThread: Thread is done: 03 - Estres 3-59
2026-03-23 15:37:00,149 INFO o.a.j.t.JMeterThread: Thread finished: 03 - Estres 3-59
2026-03-23 15:37:00,890 INFO o.a.j.t.JMeterThread: Thread started: 03 - Estres 3-60
2026-03-23 15:37:01,153 INFO o.a.j.t.JMeterThread: Thread is done: 02 - Carga 2-29
2026-03-23 15:37:01,153 INFO o.a.j.t.JMeterThread: Thread finished: 02 - Carga 2-29
2026-03-23 15:37:01,225 INFO o.a.j.t.JMeterThread: Thread is done: 03 - Estres 3-60
2026-03-23 15:37:01,225 INFO o.a.j.t.JMeterThread: Thread finished: 03 - Estres 3-60
2026-03-23 15:37:01,888 INFO o.a.j.t.JMeterThread: Thread started: 03 - Estres 3-61
2026-03-23 15:37:02,265 INFO o.a.j.t.JMeterThread: Thread is done: 03 - Estres 3-61
2026-03-23 15:37:02,265 INFO o.a.j.t.JMeterThread: Thread finished: 03 - Estres 3-61
2026-03-23 15:37:02,884 INFO o.a.j.t.JMeterThread: Thread started: 03 - Estres 3-62
2026-03-23 15:37:02,933 INFO o.a.j.t.JMeterThread: Thread is done: 02 - Carga 2-30
2026-03-23 15:37:02,933 INFO o.a.j.t.JMeterThread: Thread finished: 02 - Carga 2-30
2026-03-23 15:37:03,207 INFO o.a.j.t.JMeterThread: Thread is done: 03 - Estres 3-62
2026-03-23 15:37:03,207 INFO o.a.j.t.JMeterThread: Thread finished: 03 - Estres 3-62
2026-03-23 15:37:03,896 INFO o.a.j.t.JMeterThread: Thread started: 03 - Estres 3-63
2026-03-23 15:37:04,226 INFO o.a.j.t.JMeterThread: Thread is done: 03 - Estres 3-63
2026-03-23 15:37:04,226 INFO o.a.j.t.JMeterThread: Thread finished: 03 - Estres 3-63
2026-03-23 15:37:04,893 INFO o.a.j.t.JMeterThread: Thread started: 03 - Estres 3-64
2026-03-23 15:37:05,281 INFO o.a.j.t.JMeterThread: Thread is done: 03 - Estres 3-64
2026-03-23 15:37:05,281 INFO o.a.j.t.JMeterThread: Thread finished: 03 - Estres 3-64
2026-03-23 15:37:05,893 INFO o.a.j.t.JMeterThread: Thread started: 03 - Estres 3-65
2026-03-23 15:37:06,239 INFO o.a.j.t.JMeterThread: Thread is done: 03 - Estres 3-65
2026-03-23 15:37:06,239 INFO o.a.j.t.JMeterThread: Thread finished: 03 - Estres 3-65
2026-03-23 15:37:06,883 INFO o.a.j.t.JMeterThread: Thread started: 03 - Estres 3-66
2026-03-23 15:37:07,168 INFO o.a.j.t.JMeterThread: Thread is done: 03 - Estres 3-66
2026-03-23 15:37:07,168 INFO o.a.j.t.JMeterThread: Thread finished: 03 - Estres 3-66
2026-03-23 15:37:07,883 INFO o.a.j.t.JMeterThread: Thread started: 03 - Estres 3-67
2026-03-23 15:37:08,281 INFO o.a.j.t.JMeterThread: Thread is done: 03 - Estres 3-67
2026-03-23 15:37:08,281 INFO o.a.j.t.JMeterThread: Thread finished: 03 - Estres 3-67
2026-03-23 15:37:08,883 INFO o.a.j.t.JMeterThread: Thread started: 03 - Estres 3-68
2026-03-23 15:37:09,175 INFO o.a.j.t.JMeterThread: Thread is done: 03 - Estres 3-68
2026-03-23 15:37:09,175 INFO o.a.j.t.JMeterThread: Thread finished: 03 - Estres 3-68
2026-03-23 15:37:09,882 INFO o.a.j.t.JMeterThread: Thread started: 03 - Estres 3-69
2026-03-23 15:37:10,279 INFO o.a.j.t.JMeterThread: Thread is done: 03 - Estres 3-69
2026-03-23 15:37:10,279 INFO o.a.j.t.JMeterThread: Thread finished: 03 - Estres 3-69
2026-03-23 15:37:10,882 INFO o.a.j.t.JMeterThread: Thread started: 03 - Estres 3-70
2026-03-23 15:37:11,215 INFO o.a.j.t.JMeterThread: Thread is done: 03 - Estres 3-70
2026-03-23 15:37:11,216 INFO o.a.j.t.JMeterThread: Thread finished: 03 - Estres 3-70
2026-03-23 15:37:11,882 INFO o.a.j.t.JMeterThread: Thread started: 03 - Estres 3-71
2026-03-23 15:37:12,202 INFO o.a.j.t.JMeterThread: Thread is done: 03 - Estres 3-71
2026-03-23 15:37:12,203 INFO o.a.j.t.JMeterThread: Thread finished: 03 - Estres 3-71
2026-03-23 15:37:12,882 INFO o.a.j.t.JMeterThread: Thread started: 03 - Estres 3-72
2026-03-23 15:37:13,430 INFO o.a.j.t.JMeterThread: Thread is done: 03 - Estres 3-72
2026-03-23 15:37:13,430 INFO o.a.j.t.JMeterThread: Thread finished: 03 - Estres 3-72
2026-03-23 15:37:13,883 INFO o.a.j.t.JMeterThread: Thread started: 03 - Estres 3-73
2026-03-23 15:37:14,309 INFO o.a.j.t.JMeterThread: Thread is done: 03 - Estres 3-73
2026-03-23 15:37:14,310 INFO o.a.j.t.JMeterThread: Thread finished: 03 - Estres 3-73
2026-03-23 15:37:14,884 INFO o.a.j.t.JMeterThread: Thread started: 03 - Estres 3-74
2026-03-23 15:37:15,448 INFO o.a.j.t.JMeterThread: Thread is done: 03 - Estres 3-74
2026-03-23 15:37:15,448 INFO o.a.j.t.JMeterThread: Thread finished: 03 - Estres 3-74
2026-03-23 15:37:15,883 INFO o.a.j.t.JMeterThread: Thread started: 03 - Estres 3-75
2026-03-23 15:37:16,436 INFO o.a.j.t.JMeterThread: Thread is done: 03 - Estres 3-75
2026-03-23 15:37:16,436 INFO o.a.j.t.JMeterThread: Thread finished: 03 - Estres 3-75
2026-03-23 15:37:16,883 INFO o.a.j.t.JMeterThread: Thread started: 03 - Estres 3-76
2026-03-23 15:37:17,289 INFO o.a.j.t.JMeterThread: Thread is done: 03 - Estres 3-76
2026-03-23 15:37:17,289 INFO o.a.j.t.JMeterThread: Thread finished: 03 - Estres 3-76
2026-03-23 15:37:17,883 INFO o.a.j.t.JMeterThread: Thread started: 03 - Estres 3-77
2026-03-23 15:37:18,385 INFO o.a.j.t.JMeterThread: Thread is done: 03 - Estres 3-77
2026-03-23 15:37:18,385 INFO o.a.j.t.JMeterThread: Thread finished: 03 - Estres 3-77
2026-03-23 15:37:18,883 INFO o.a.j.t.JMeterThread: Thread started: 03 - Estres 3-78
2026-03-23 15:37:19,375 INFO o.a.j.t.JMeterThread: Thread is done: 03 - Estres 3-78
2026-03-23 15:37:19,375 INFO o.a.j.t.JMeterThread: Thread finished: 03 - Estres 3-78
2026-03-23 15:37:19,896 INFO o.a.j.t.JMeterThread: Thread started: 03 - Estres 3-79
2026-03-23 15:37:20,319 INFO o.a.j.t.JMeterThread: Thread is done: 03 - Estres 3-79
2026-03-23 15:37:20,319 INFO o.a.j.t.JMeterThread: Thread finished: 03 - Estres 3-79
2026-03-23 15:37:20,893 INFO o.a.j.t.JMeterThread: Thread started: 03 - Estres 3-80
2026-03-23 15:37:21,402 INFO o.a.j.t.JMeterThread: Thread is done: 03 - Estres 3-80
2026-03-23 15:37:21,402 INFO o.a.j.t.JMeterThread: Thread finished: 03 - Estres 3-80
2026-03-23 15:37:21,403 INFO o.a.j.e.StandardJMeterEngine: Notifying test listeners of end of test
2026-03-23 15:37:21,405 INFO o.a.j.r.Summariser: summary +    121 in 00:00:21 =    5.7/s Avg:    82 Min:    28 Max:   176 Err:     0 (0.00%) Active: 0 Started: 111 Finished: 111
2026-03-23 15:37:21,405 INFO o.a.j.r.Summariser: summary =    700 in 00:01:20 =    8.8/s Avg:   226 Min:    24 Max:  5023 Err:    18 (2.57%)
2026-03-23 15:37:21,407 INFO o.a.j.JMeter: Generating Dashboard
2026-03-23 15:37:21,407 INFO o.a.j.r.d.ReportGenerator: Flushing result collector before report Generation
2026-03-23 15:37:21,442 INFO o.a.j.r.p.NormalizerSampleConsumer: Using format, 'ms', to parse timeStamp field
2026-03-23 15:37:21,633 INFO o.a.j.r.p.AbstractSampleConsumer: class org.apache.jmeter.report.processor.AggregateConsumer#stopProducing(): beginDate produced 0 samples
2026-03-23 15:37:21,633 INFO o.a.j.r.p.AbstractSampleConsumer: class org.apache.jmeter.report.processor.AggregateConsumer#stopProducing(): endDate produced 0 samples
2026-03-23 15:37:21,634 INFO o.a.j.r.p.AbstractSampleConsumer: class org.apache.jmeter.report.processor.ApdexSummaryConsumer#stopProducing(): apdexSummary produced 0 samples
2026-03-23 15:37:21,635 INFO o.a.j.r.p.AbstractSampleConsumer: class org.apache.jmeter.report.processor.RequestsSummaryConsumer#stopProducing(): requestsSummary produced 0 samples
2026-03-23 15:37:21,641 INFO o.a.j.r.p.AbstractSampleConsumer: class org.apache.jmeter.report.processor.StatisticsSummaryConsumer#stopProducing(): statisticsSummary produced 0 samples
2026-03-23 15:37:21,643 INFO o.a.j.r.p.AbstractSampleConsumer: class org.apache.jmeter.report.processor.Top5ErrorsBySamplerConsumer#stopProducing(): top5ErrorsBySampler produced 0 samples
2026-03-23 15:37:21,644 INFO o.a.j.r.p.AbstractSampleConsumer: class org.apache.jmeter.report.processor.ErrorsSummaryConsumer#stopProducing(): errorsSummary produced 0 samples
2026-03-23 15:37:21,644 INFO o.a.j.r.p.AbstractSampleConsumer: class org.apache.jmeter.report.processor.graph.impl.HitsPerSecondGraphConsumer#stopProducing(): hitsPerSecond produced 0 samples
2026-03-23 15:37:21,675 INFO o.a.j.r.p.AbstractSampleConsumer: class org.apache.jmeter.report.processor.graph.impl.LatencyVSRequestGraphConsumer#stopProducing(): latencyVsRequest produced 0 samples
2026-03-23 15:37:21,677 INFO o.a.j.r.p.AbstractSampleConsumer: class org.apache.jmeter.report.processor.graph.impl.SyntheticResponseTimeDistributionGraphConsumer#stopProducing(): syntheticResponseTimeDistribution produced 0 samples
2026-03-23 15:37:21,677 INFO o.a.j.r.p.AbstractSampleConsumer: class org.apache.jmeter.report.processor.graph.impl.BytesThroughputGraphConsumer#stopProducing(): bytesThroughputOverTime produced 0 samples
2026-03-23 15:37:21,677 INFO o.a.j.r.p.AbstractSampleConsumer: class org.apache.jmeter.report.processor.graph.impl.CodesPerSecondGraphConsumer#stopProducing(): codesPerSecond produced 0 samples
2026-03-23 15:37:21,688 INFO o.a.j.r.p.AbstractSampleConsumer: class org.apache.jmeter.report.processor.graph.impl.ResponseTimeVSRequestGraphConsumer#stopProducing(): responseTimeVsRequest produced 0 samples
2026-03-23 15:37:21,688 INFO o.a.j.r.p.AbstractSampleConsumer: class org.apache.jmeter.report.processor.FilterConsumer#stopProducing(): startIntervalControlerFilter produced 4914 samples
2026-03-23 15:37:21,688 INFO o.a.j.r.p.AbstractSampleConsumer: class org.apache.jmeter.report.processor.graph.impl.TotalTPSGraphConsumer#stopProducing(): totalTPS produced 0 samples
2026-03-23 15:37:21,688 INFO o.a.j.r.p.AbstractSampleConsumer: class org.apache.jmeter.report.processor.graph.impl.ActiveThreadsGraphConsumer#stopProducing(): activeThreadsOverTime produced 0 samples
2026-03-23 15:37:21,689 INFO o.a.j.r.p.AbstractSampleConsumer: class org.apache.jmeter.report.processor.graph.impl.TimeVSThreadGraphConsumer#stopProducing(): timeVsThreads produced 0 samples
2026-03-23 15:37:21,689 INFO o.a.j.r.p.AbstractSampleConsumer: class org.apache.jmeter.report.processor.graph.impl.ResponseTimeDistributionGraphConsumer#stopProducing(): responseTimeDistribution produced 0 samples
2026-03-23 15:37:21,689 INFO o.a.j.r.p.AbstractSampleConsumer: class org.apache.jmeter.report.processor.graph.impl.TransactionsPerSecondGraphConsumer#stopProducing(): transactionsPerSecond produced 0 samples
2026-03-23 15:37:21,689 INFO o.a.j.r.p.AbstractSampleConsumer: class org.apache.jmeter.report.processor.graph.impl.ResponseTimePercentilesGraphConsumer#stopProducing(): responseTimePercentiles produced 0 samples
2026-03-23 15:37:21,691 INFO o.a.j.r.p.AbstractSampleConsumer: class org.apache.jmeter.report.processor.graph.impl.ResponseTimePercentilesOverTimeGraphConsumer#stopProducing(): responseTimePercentilesOverTime produced 0 samples
2026-03-23 15:37:21,691 INFO o.a.j.r.p.AbstractSampleConsumer: class org.apache.jmeter.report.processor.graph.impl.ResponseTimeOverTimeGraphConsumer#stopProducing(): responseTimesOverTime produced 0 samples
2026-03-23 15:37:21,693 INFO o.a.j.r.p.AbstractSampleConsumer: class org.apache.jmeter.report.processor.graph.impl.ConnectTimeOverTimeGraphConsumer#stopProducing(): connectTimeOverTime produced 0 samples
2026-03-23 15:37:21,693 INFO o.a.j.r.p.AbstractSampleConsumer: class org.apache.jmeter.report.processor.graph.impl.LatencyOverTimeGraphConsumer#stopProducing(): latenciesOverTime produced 0 samples
2026-03-23 15:37:21,693 INFO o.a.j.r.p.AbstractSampleConsumer: class org.apache.jmeter.report.processor.FilterConsumer#stopProducing(): nameFilter produced 10545 samples
2026-03-23 15:37:21,693 INFO o.a.j.r.p.AbstractSampleConsumer: class org.apache.jmeter.report.processor.FilterConsumer#stopProducing(): dateRangeFilter produced 2109 samples
2026-03-23 15:37:21,693 INFO o.a.j.r.p.AbstractSampleConsumer: class org.apache.jmeter.report.processor.NormalizerSampleConsumer#stopProducing(): normalizer produced 703 samples
2026-03-23 15:37:21,693 INFO o.a.j.r.p.CsvFileSampleSource: produce(): 703 samples produced in 202ms on channel 0
2026-03-23 15:37:21,693 INFO o.a.j.r.d.ReportGenerator: Exporting data using exporter:'json' of className:'org.apache.jmeter.report.dashboard.JsonExporter'
2026-03-23 15:37:21,763 INFO o.a.j.r.d.JsonExporter: Found data for consumer statisticsSummary in context
2026-03-23 15:37:21,763 INFO o.a.j.r.d.JsonExporter: Creating statistics for overall
2026-03-23 15:37:21,763 INFO o.a.j.r.d.JsonExporter: Creating statistics for other transactions
2026-03-23 15:37:21,764 INFO o.a.j.r.d.JsonExporter: Checking output folder
2026-03-23 15:37:21,765 INFO o.a.j.r.d.JsonExporter: Writing statistics JSON to C:\Users\julio\Documents\Proyecto_Web\.\jmeter\results\run-report\statistics.json
2026-03-23 15:37:21,801 INFO o.a.j.r.d.ReportGenerator: Exporting data using exporter:'html' of className:'org.apache.jmeter.report.dashboard.HtmlTemplateExporter'
2026-03-23 15:37:21,804 INFO o.a.j.r.d.HtmlTemplateExporter: Will generate dashboard in folder: C:\Users\julio\Documents\Proyecto_Web\.\jmeter\results\run-report
2026-03-23 15:37:21,909 INFO o.a.j.r.d.HtmlTemplateExporter: Report will be generated in: C:\Users\julio\Documents\Proyecto_Web\.\jmeter\results\run-report, creating folder structure
2026-03-23 15:37:21,913 INFO o.a.j.r.d.TemplateVisitor: Copying folder from 'C:\Users\julio\Downloads\apache-jmeter-5.6.3\apache-jmeter-5.6.3\bin\report-template' to 'C:\Users\julio\Documents\Proyecto_Web\.\jmeter\results\run-report', got message: C:\Users\julio\Documents\Proyecto_Web\.\jmeter\results\run-report, found non empty folder with following content [C:\Users\julio\Documents\Proyecto_Web\.\jmeter\results\run-report\statistics.json], will be ignored
2026-03-23 15:37:22,335 INFO o.a.j.JMeter: Dashboard generated
